Archive member included to satisfy reference by file (symbol)

/Applications/STM32CubeIDE.app/Contents/Eclipse/plugins/com.st.stm32cube.ide.mcu.externaltools.gnu-tools-for-stm32.10.3-2021.10.macos64_1.0.200.202301161003/tools/bin/../lib/gcc/arm-none-eabi/10.3.1/../../../../arm-none-eabi/lib/thumb/v6-m/nofp/libc_nano.a(lib_a-errno.o)
                              ./Core/Src/syscalls.o (__errno)
/Applications/STM32CubeIDE.app/Contents/Eclipse/plugins/com.st.stm32cube.ide.mcu.externaltools.gnu-tools-for-stm32.10.3-2021.10.macos64_1.0.200.202301161003/tools/bin/../lib/gcc/arm-none-eabi/10.3.1/../../../../arm-none-eabi/lib/thumb/v6-m/nofp/libc_nano.a(lib_a-exit.o)
                              /Applications/STM32CubeIDE.app/Contents/Eclipse/plugins/com.st.stm32cube.ide.mcu.externaltools.gnu-tools-for-stm32.10.3-2021.10.macos64_1.0.200.202301161003/tools/bin/../lib/gcc/arm-none-eabi/10.3.1/../../../../arm-none-eabi/lib/thumb/v6-m/nofp/crt0.o (exit)
/Applications/STM32CubeIDE.app/Contents/Eclipse/plugins/com.st.stm32cube.ide.mcu.externaltools.gnu-tools-for-stm32.10.3-2021.10.macos64_1.0.200.202301161003/tools/bin/../lib/gcc/arm-none-eabi/10.3.1/../../../../arm-none-eabi/lib/thumb/v6-m/nofp/libc_nano.a(lib_a-impure.o)
                              /Applications/STM32CubeIDE.app/Contents/Eclipse/plugins/com.st.stm32cube.ide.mcu.externaltools.gnu-tools-for-stm32.10.3-2021.10.macos64_1.0.200.202301161003/tools/bin/../lib/gcc/arm-none-eabi/10.3.1/../../../../arm-none-eabi/lib/thumb/v6-m/nofp/libc_nano.a(lib_a-exit.o) (_global_impure_ptr)
/Applications/STM32CubeIDE.app/Contents/Eclipse/plugins/com.st.stm32cube.ide.mcu.externaltools.gnu-tools-for-stm32.10.3-2021.10.macos64_1.0.200.202301161003/tools/bin/../lib/gcc/arm-none-eabi/10.3.1/../../../../arm-none-eabi/lib/thumb/v6-m/nofp/libc_nano.a(lib_a-init.o)
                              /Applications/STM32CubeIDE.app/Contents/Eclipse/plugins/com.st.stm32cube.ide.mcu.externaltools.gnu-tools-for-stm32.10.3-2021.10.macos64_1.0.200.202301161003/tools/bin/../lib/gcc/arm-none-eabi/10.3.1/../../../../arm-none-eabi/lib/thumb/v6-m/nofp/crt0.o (__libc_init_array)
/Applications/STM32CubeIDE.app/Contents/Eclipse/plugins/com.st.stm32cube.ide.mcu.externaltools.gnu-tools-for-stm32.10.3-2021.10.macos64_1.0.200.202301161003/tools/bin/../lib/gcc/arm-none-eabi/10.3.1/../../../../arm-none-eabi/lib/thumb/v6-m/nofp/libc_nano.a(lib_a-memcpy-stub.o)
                              ./Core/Src/main.o (memcpy)
/Applications/STM32CubeIDE.app/Contents/Eclipse/plugins/com.st.stm32cube.ide.mcu.externaltools.gnu-tools-for-stm32.10.3-2021.10.macos64_1.0.200.202301161003/tools/bin/../lib/gcc/arm-none-eabi/10.3.1/../../../../arm-none-eabi/lib/thumb/v6-m/nofp/libc_nano.a(lib_a-memset.o)
                              /Applications/STM32CubeIDE.app/Contents/Eclipse/plugins/com.st.stm32cube.ide.mcu.externaltools.gnu-tools-for-stm32.10.3-2021.10.macos64_1.0.200.202301161003/tools/bin/../lib/gcc/arm-none-eabi/10.3.1/../../../../arm-none-eabi/lib/thumb/v6-m/nofp/crt0.o (memset)
/Applications/STM32CubeIDE.app/Contents/Eclipse/plugins/com.st.stm32cube.ide.mcu.externaltools.gnu-tools-for-stm32.10.3-2021.10.macos64_1.0.200.202301161003/tools/bin/../lib/gcc/arm-none-eabi/10.3.1/thumb/v6-m/nofp/libgcc.a(_udivsi3.o)
                              ./Common/System/system_stm32wlxx.o (__aeabi_uidiv)
/Applications/STM32CubeIDE.app/Contents/Eclipse/plugins/com.st.stm32cube.ide.mcu.externaltools.gnu-tools-for-stm32.10.3-2021.10.macos64_1.0.200.202301161003/tools/bin/../lib/gcc/arm-none-eabi/10.3.1/thumb/v6-m/nofp/libgcc.a(_dvmd_tls.o)
                              /Applications/STM32CubeIDE.app/Contents/Eclipse/plugins/com.st.stm32cube.ide.mcu.externaltools.gnu-tools-for-stm32.10.3-2021.10.macos64_1.0.200.202301161003/tools/bin/../lib/gcc/arm-none-eabi/10.3.1/thumb/v6-m/nofp/libgcc.a(_udivsi3.o) (__aeabi_idiv0)

Discarded input sections

 .text          0x0000000000000000        0x0 /Applications/STM32CubeIDE.app/Contents/Eclipse/plugins/com.st.stm32cube.ide.mcu.externaltools.gnu-tools-for-stm32.10.3-2021.10.macos64_1.0.200.202301161003/tools/bin/../lib/gcc/arm-none-eabi/10.3.1/thumb/v6-m/nofp/crti.o
 .data          0x0000000000000000        0x0 /Applications/STM32CubeIDE.app/Contents/Eclipse/plugins/com.st.stm32cube.ide.mcu.externaltools.gnu-tools-for-stm32.10.3-2021.10.macos64_1.0.200.202301161003/tools/bin/../lib/gcc/arm-none-eabi/10.3.1/thumb/v6-m/nofp/crti.o
 .bss           0x0000000000000000        0x0 /Applications/STM32CubeIDE.app/Contents/Eclipse/plugins/com.st.stm32cube.ide.mcu.externaltools.gnu-tools-for-stm32.10.3-2021.10.macos64_1.0.200.202301161003/tools/bin/../lib/gcc/arm-none-eabi/10.3.1/thumb/v6-m/nofp/crti.o
 .data          0x0000000000000000        0x4 /Applications/STM32CubeIDE.app/Contents/Eclipse/plugins/com.st.stm32cube.ide.mcu.externaltools.gnu-tools-for-stm32.10.3-2021.10.macos64_1.0.200.202301161003/tools/bin/../lib/gcc/arm-none-eabi/10.3.1/thumb/v6-m/nofp/crtbegin.o
[...]
Memory Configuration

Name             Origin             Length             Attributes
RAM              0x0000000020008000 0x0000000000008000 xrw
FLASH            0x0000000008020000 0x0000000000020000 xr
*default*        0x0000000000000000 0xffffffffffffffff

Linker script and memory map

LOAD /Applications/STM32CubeIDE.app/Contents/Eclipse/plugins/com.st.stm32cube.ide.mcu.externaltools.gnu-tools-for-stm32.10.3-2021.10.macos64_1.0.200.202301161003/tools/bin/../lib/gcc/arm-none-eabi/10.3.1/thumb/v6-m/nofp/crti.o
LOAD /Applications/STM32CubeIDE.app/Contents/Eclipse/plugins/com.st.stm32cube.ide.mcu.externaltools.gnu-tools-for-stm32.10.3-2021.10.macos64_1.0.200.202301161003/tools/bin/../lib/gcc/arm-none-eabi/10.3.1/thumb/v6-m/nofp/crtbegin.o
LOAD /Applications/STM32CubeIDE.app/Contents/Eclipse/plugins/com.st.stm32cube.ide.mcu.externaltools.gnu-tools-for-stm32.10.3-2021.10.macos64_1.0.200.202301161003/tools/bin/../lib/gcc/arm-none-eabi/10.3.1/../../../../arm-none-eabi/lib/thumb/v6-m/nofp/crt0.o
LOAD ./Common/System/system_stm32wlxx.o
LOAD ./Core/Src/main.o
LOAD ./Core/Src/stm32wlxx_hal_msp.o
LOAD ./Core/Src/stm32wlxx_it.o
LOAD ./Core/Src/syscalls.o
LOAD ./Core/Src/sysmem.o
LOAD ./Core/Startup/startup_stm32wl55jcix.o
LOAD ./Drivers/STM32WLxx_HAL_Driver/stm32wlxx_hal.o
LOAD ./Drivers/STM32WLxx_HAL_Driver/stm32wlxx_hal_cortex.o
LOAD ./Drivers/STM32WLxx_HAL_Driver/stm32wlxx_hal_dma.o
LOAD ./Drivers/STM32WLxx_HAL_Driver/stm32wlxx_hal_dma_ex.o
LOAD ./Drivers/STM32WLxx_HAL_Driver/stm32wlxx_hal_exti.o
LOAD ./Drivers/STM32WLxx_HAL_Driver/stm32wlxx_hal_flash.o
LOAD ./Drivers/STM32WLxx_HAL_Driver/stm32wlxx_hal_flash_ex.o
LOAD ./Drivers/STM32WLxx_HAL_Driver/stm32wlxx_hal_gpio.o
LOAD ./Drivers/STM32WLxx_HAL_Driver/stm32wlxx_hal_pwr.o
LOAD ./Drivers/STM32WLxx_HAL_Driver/stm32wlxx_hal_pwr_ex.o
LOAD ./Drivers/STM32WLxx_HAL_Driver/stm32wlxx_hal_rcc.o
LOAD ./Drivers/STM32WLxx_HAL_Driver/stm32wlxx_hal_rcc_ex.o
LOAD ./Drivers/STM32WLxx_HAL_Driver/stm32wlxx_hal_rtc.o
LOAD ./Drivers/STM32WLxx_HAL_Driver/stm32wlxx_hal_rtc_ex.o
LOAD ./Drivers/STM32WLxx_HAL_Driver/stm32wlxx_hal_tim.o
LOAD ./Drivers/STM32WLxx_HAL_Driver/stm32wlxx_hal_tim_ex.o
LOAD ./Modules/Calendar/Src/calendar.o
LOAD ./Modules/Calendar/Src/event_sll.o
LOAD ./Modules/Calendar/Src/rtc_calendar_control.o
LOAD ./Modules/LED_Debug/Src/led_debug.o
START GROUP
LOAD /Applications/STM32CubeIDE.app/Contents/Eclipse/plugins/com.st.stm32cube.ide.mcu.externaltools.gnu-tools-for-stm32.10.3-2021.10.macos64_1.0.200.202301161003/tools/bin/../lib/gcc/arm-none-eabi/10.3.1/../../../../arm-none-eabi/lib/thumb/v6-m/nofp/libc_nano.a
LOAD /Applications/STM32CubeIDE.app/Contents/Eclipse/plugins/com.st.stm32cube.ide.mcu.externaltools.gnu-tools-for-stm32.10.3-2021.10.macos64_1.0.200.202301161003/tools/bin/../lib/gcc/arm-none-eabi/10.3.1/../../../../arm-none-eabi/lib/thumb/v6-m/nofp/libm.a
END GROUP
START GROUP
LOAD /Applications/STM32CubeIDE.app/Contents/Eclipse/plugins/com.st.stm32cube.ide.mcu.externaltools.gnu-tools-for-stm32.10.3-2021.10.macos64_1.0.200.202301161003/tools/bin/../lib/gcc/arm-none-eabi/10.3.1/thumb/v6-m/nofp/libgcc.a
LOAD /Applications/STM32CubeIDE.app/Contents/Eclipse/plugins/com.st.stm32cube.ide.mcu.externaltools.gnu-tools-for-stm32.10.3-2021.10.macos64_1.0.200.202301161003/tools/bin/../lib/gcc/arm-none-eabi/10.3.1/../../../../arm-none-eabi/lib/thumb/v6-m/nofp/libc_nano.a
END GROUP
START GROUP
LOAD /Applications/STM32CubeIDE.app/Contents/Eclipse/plugins/com.st.stm32cube.ide.mcu.externaltools.gnu-tools-for-stm32.10.3-2021.10.macos64_1.0.200.202301161003/tools/bin/../lib/gcc/arm-none-eabi/10.3.1/thumb/v6-m/nofp/libgcc.a
LOAD /Applications/STM32CubeIDE.app/Contents/Eclipse/plugins/com.st.stm32cube.ide.mcu.externaltools.gnu-tools-for-stm32.10.3-2021.10.macos64_1.0.200.202301161003/tools/bin/../lib/gcc/arm-none-eabi/10.3.1/../../../../arm-none-eabi/lib/thumb/v6-m/nofp/libc_nano.a
LOAD /Applications/STM32CubeIDE.app/Contents/Eclipse/plugins/com.st.stm32cube.ide.mcu.externaltools.gnu-tools-for-stm32.10.3-2021.10.macos64_1.0.200.202301161003/tools/bin/../lib/gcc/arm-none-eabi/10.3.1/../../../../arm-none-eabi/lib/thumb/v6-m/nofp/libnosys.a
END GROUP
START GROUP
LOAD /Applications/STM32CubeIDE.app/Contents/Eclipse/plugins/com.st.stm32cube.ide.mcu.externaltools.gnu-tools-for-stm32.10.3-2021.10.macos64_1.0.200.202301161003/tools/bin/../lib/gcc/arm-none-eabi/10.3.1/thumb/v6-m/nofp/libgcc.a
LOAD /Applications/STM32CubeIDE.app/Contents/Eclipse/plugins/com.st.stm32cube.ide.mcu.externaltools.gnu-tools-for-stm32.10.3-2021.10.macos64_1.0.200.202301161003/tools/bin/../lib/gcc/arm-none-eabi/10.3.1/../../../../arm-none-eabi/lib/thumb/v6-m/nofp/libc_nano.a
LOAD /Applications/STM32CubeIDE.app/Contents/Eclipse/plugins/com.st.stm32cube.ide.mcu.externaltools.gnu-tools-for-stm32.10.3-2021.10.macos64_1.0.200.202301161003/tools/bin/../lib/gcc/arm-none-eabi/10.3.1/../../../../arm-none-eabi/lib/thumb/v6-m/nofp/libnosys.a
END GROUP
LOAD /Applications/STM32CubeIDE.app/Contents/Eclipse/plugins/com.st.stm32cube.ide.mcu.externaltools.gnu-tools-for-stm32.10.3-2021.10.macos64_1.0.200.202301161003/tools/bin/../lib/gcc/arm-none-eabi/10.3.1/thumb/v6-m/nofp/crtend.o
LOAD /Applications/STM32CubeIDE.app/Contents/Eclipse/plugins/com.st.stm32cube.ide.mcu.externaltools.gnu-tools-for-stm32.10.3-2021.10.macos64_1.0.200.202301161003/tools/bin/../lib/gcc/arm-none-eabi/10.3.1/thumb/v6-m/nofp/crtn.o
                0x0000000020010000                _estack = (ORIGIN (RAM) + LENGTH (RAM))
                0x0000000000000200                _Min_Heap_Size = 0x200
                0x0000000000000400                _Min_Stack_Size = 0x400

.isr_vector     0x0000000008020000       0xc0
                0x0000000008020000                . = ALIGN (0x4)
 *(.isr_vector)
 .isr_vector    0x0000000008020000       0xc0 ./Core/Startup/startup_stm32wl55jcix.o
                0x0000000008020000                g_pfnVectors
                0x00000000080200c0                . = ALIGN (0x4)

.text           0x00000000080200c0     0x2c64
                0x00000000080200c0                . = ALIGN (0x4)
 *(.text)
 .text          0x00000000080200c0       0x48 /Applications/STM32CubeIDE.app/Contents/Eclipse/plugins/com.st.stm32cube.ide.mcu.externaltools.gnu-tools-for-stm32.10.3-2021.10.macos64_1.0.200.202301161003/tools/bin/../lib/gcc/arm-none-eabi/10.3.1/thumb/v6-m/nofp/crtbegin.o
 .text          0x0000000008020108      0x114 /Applications/STM32CubeIDE.app/Contents/Eclipse/plugins/com.st.stm32cube.ide.mcu.externaltools.gnu-tools-for-stm32.10.3-2021.10.macos64_1.0.200.202301161003/tools/bin/../lib/gcc/arm-none-eabi/10.3.1/thumb/v6-m/nofp/libgcc.a(_udivsi3.o)
                0x0000000008020108                __udivsi3
                0x0000000008020108                __aeabi_uidiv
                0x0000000008020214                __aeabi_uidivmod
 .text          0x000000000802021c        0x4 /Applications/STM32CubeIDE.app/Contents/Eclipse/plugins/com.st.stm32cube.ide.mcu.externaltools.gnu-tools-for-stm32.10.3-2021.10.macos64_1.0.200.202301161003/tools/bin/../lib/gcc/arm-none-eabi/10.3.1/thumb/v6-m/nofp/libgcc.a(_dvmd_tls.o)
                0x000000000802021c                __aeabi_ldiv0
                0x000000000802021c                __aeabi_idiv0
 *(.text*)
 .text.SystemInit
                0x0000000008020220        0xa ./Common/System/system_stm32wlxx.o
                0x0000000008020220                SystemInit
 *fill*         0x000000000802022a        0x2 
 .text.main     0x000000000802022c       0x90 ./Core/Src/main.o
                0x000000000802022c                main
 .text.MX_RTC_Init
                0x00000000080202bc      0x148 ./Core/Src/main.o
 .text.startEventCallback
                0x0000000008020404       0x14 ./Core/Src/main.o
                0x0000000008020404                startEventCallback
 .text.endEventCallback
                0x0000000008020418       0x14 ./Core/Src/main.o
                0x0000000008020418                endEventCallback
 .text.HAL_RTC_AlarmAEventCallback
                0x000000000802042c       0x14 ./Core/Src/main.o
                0x000000000802042c                HAL_RTC_AlarmAEventCallback
 .text.Error_Handler
                0x0000000008020440        0xa ./Core/Src/main.o
                0x0000000008020440                Error_Handler
 .text.LL_RCC_EnableRTC
                0x000000000802044a       0x20 ./Core/Src/stm32wlxx_hal_msp.o
 .text.LL_C2_APB1_GRP1_EnableClock
                0x000000000802046a       0x3a ./Core/Src/stm32wlxx_hal_msp.o
 .text.HAL_MspInit
                0x00000000080204a4        0xa ./Core/Src/stm32wlxx_hal_msp.o
                0x00000000080204a4                HAL_MspInit
 *fill*         0x00000000080204ae        0x2 
 .text.HAL_RTC_MspInit
                0x00000000080204b0       0x6c ./Core/Src/stm32wlxx_hal_msp.o
                0x00000000080204b0                HAL_RTC_MspInit
 .text.NMI_Handler
                0x000000000802051c        0x6 ./Core/Src/stm32wlxx_it.o
                0x000000000802051c                NMI_Handler
 .text.HardFault_Handler
                0x0000000008020522        0x6 ./Core/Src/stm32wlxx_it.o
                0x0000000008020522                HardFault_Handler
 .text.SVC_Handler
                0x0000000008020528        0xa ./Core/Src/stm32wlxx_it.o
                0x0000000008020528                SVC_Handler
 .text.PendSV_Handler
                0x0000000008020532        0xa ./Core/Src/stm32wlxx_it.o
                0x0000000008020532                PendSV_Handler
 .text.SysTick_Handler
                0x000000000802053c        0xe ./Core/Src/stm32wlxx_it.o
                0x000000000802053c                SysTick_Handler
 *fill*         0x000000000802054a        0x2 
 .text.RTC_LSECSS_IRQHandler
                0x000000000802054c       0x18 ./Core/Src/stm32wlxx_it.o
                0x000000000802054c                RTC_LSECSS_IRQHandler
 .text.Reset_Handler
                0x0000000008020564       0x50 ./Core/Startup/startup_stm32wl55jcix.o
                0x0000000008020564                Reset_Handler
 .text.Default_Handler
                0x00000000080205b4        0x2 ./Core/Startup/startup_stm32wl55jcix.o
                0x00000000080205b4                LPTIM1_IRQHandler
                0x00000000080205b4                LPTIM2_IRQHandler
                0x00000000080205b4                LPTIM3_IRQHandler
                0x00000000080205b4                AES_PKA_IRQHandler
                0x00000000080205b4                SPI1_IRQHandler
                0x00000000080205b4                ADC_COMP_DAC_IRQHandler
                0x00000000080205b4                I2C2_IRQHandler
                0x00000000080205b4                TIM17_IRQHandler
                0x00000000080205b4                EXTI15_4_IRQHandler
                0x00000000080205b4                RCC_FLASH_C1SEV_IRQHandler
                0x00000000080205b4                SUBGHZSPI_IRQHandler
                0x00000000080205b4                DMA1_Channel4_5_6_7_IRQHandler
                0x00000000080205b4                SUBGHZ_Radio_IRQHandler
                0x00000000080205b4                EXTI1_0_IRQHandler
                0x00000000080205b4                TIM16_IRQHandler
                0x00000000080205b4                Default_Handler
                0x00000000080205b4                TIM1_IRQHandler
                0x00000000080205b4                IPCC_C2_RX_C2_TX_IRQHandler
                0x00000000080205b4                I2C3_IRQHandler
                0x00000000080205b4                PVD_PVM_IRQHandler
                0x00000000080205b4                SPI2_IRQHandler
                0x00000000080205b4                DMA2_DMAMUX1_OVR_IRQHandler
                0x00000000080205b4                EXTI3_2_IRQHandler
                0x00000000080205b4                RNG_IRQHandler
                0x00000000080205b4                HSEM_IRQHandler
                0x00000000080205b4                LPUART1_IRQHandler
                0x00000000080205b4                TIM2_IRQHandler
                0x00000000080205b4                TZIC_ILA_IRQHandler
                0x00000000080205b4                USART2_IRQHandler
                0x00000000080205b4                USART1_IRQHandler
                0x00000000080205b4                DMA1_Channel1_2_3_IRQHandler
                0x00000000080205b4                I2C1_IRQHandler
 *fill*         0x00000000080205b6        0x2 
 .text.HAL_Init
                0x00000000080205b8       0x3c ./Drivers/STM32WLxx_HAL_Driver/stm32wlxx_hal.o
                0x00000000080205b8                HAL_Init
 .text.HAL_InitTick
                0x00000000080205f4       0x90 ./Drivers/STM32WLxx_HAL_Driver/stm32wlxx_hal.o
                0x00000000080205f4                HAL_InitTick
 .text.HAL_IncTick
                0x0000000008020684       0x24 ./Drivers/STM32WLxx_HAL_Driver/stm32wlxx_hal.o
                0x0000000008020684                HAL_IncTick
 .text.HAL_GetTick
                0x00000000080206a8       0x14 ./Drivers/STM32WLxx_HAL_Driver/stm32wlxx_hal.o
                0x00000000080206a8                HAL_GetTick
 .text.__NVIC_EnableIRQ
                0x00000000080206bc       0x34 ./Drivers/STM32WLxx_HAL_Driver/stm32wlxx_hal_cortex.o
 .text.__NVIC_SetPriority
                0x00000000080206f0       0xdc ./Drivers/STM32WLxx_HAL_Driver/stm32wlxx_hal_cortex.o
 .text.SysTick_Config
                0x00000000080207cc       0x48 ./Drivers/STM32WLxx_HAL_Driver/stm32wlxx_hal_cortex.o
 .text.HAL_NVIC_SetPriority
                0x0000000008020814       0x2a ./Drivers/STM32WLxx_HAL_Driver/stm32wlxx_hal_cortex.o
                0x0000000008020814                HAL_NVIC_SetPriority
 .text.HAL_NVIC_EnableIRQ
                0x000000000802083e       0x20 ./Drivers/STM32WLxx_HAL_Driver/stm32wlxx_hal_cortex.o
                0x000000000802083e                HAL_NVIC_EnableIRQ
 .text.HAL_SYSTICK_Config
                0x000000000802085e       0x1a ./Drivers/STM32WLxx_HAL_Driver/stm32wlxx_hal_cortex.o
                0x000000000802085e                HAL_SYSTICK_Config
 .text.HAL_GPIO_Init
                0x0000000008020878      0x2bc ./Drivers/STM32WLxx_HAL_Driver/stm32wlxx_hal_gpio.o
                0x0000000008020878                HAL_GPIO_Init
 .text.HAL_GPIO_DeInit
                0x0000000008020b34      0x194 ./Drivers/STM32WLxx_HAL_Driver/stm32wlxx_hal_gpio.o
                0x0000000008020b34                HAL_GPIO_DeInit
 .text.HAL_GPIO_WritePin
                0x0000000008020cc8       0x3a ./Drivers/STM32WLxx_HAL_Driver/stm32wlxx_hal_gpio.o
                0x0000000008020cc8                HAL_GPIO_WritePin
 *fill*         0x0000000008020d02        0x2 
 .text.HAL_PWR_EnableBkUpAccess
                0x0000000008020d04       0x1c ./Drivers/STM32WLxx_HAL_Driver/stm32wlxx_hal_pwr.o
                0x0000000008020d04                HAL_PWR_EnableBkUpAccess
 .text.LL_RCC_HSE_IsEnabledDiv2
                0x0000000008020d20       0x24 ./Drivers/STM32WLxx_HAL_Driver/stm32wlxx_hal_rcc.o
 .text.LL_RCC_MSI_IsEnabledRangeSelect
                0x0000000008020d44       0x1e ./Drivers/STM32WLxx_HAL_Driver/stm32wlxx_hal_rcc.o
 .text.LL_RCC_MSI_GetRange
                0x0000000008020d62       0x14 ./Drivers/STM32WLxx_HAL_Driver/stm32wlxx_hal_rcc.o
 .text.LL_RCC_MSI_GetRangeAfterStandby
                0x0000000008020d76       0x18 ./Drivers/STM32WLxx_HAL_Driver/stm32wlxx_hal_rcc.o
 .text.LL_RCC_GetSysClkSource
                0x0000000008020d8e       0x14 ./Drivers/STM32WLxx_HAL_Driver/stm32wlxx_hal_rcc.o
 .text.LL_C2_RCC_GetAHBPrescaler
                0x0000000008020da2       0x18 ./Drivers/STM32WLxx_HAL_Driver/stm32wlxx_hal_rcc.o
 .text.LL_RCC_PLL_GetN
                0x0000000008020dba       0x16 ./Drivers/STM32WLxx_HAL_Driver/stm32wlxx_hal_rcc.o
 .text.LL_RCC_PLL_GetR
                0x0000000008020dd0       0x14 ./Drivers/STM32WLxx_HAL_Driver/stm32wlxx_hal_rcc.o
 .text.LL_RCC_PLL_GetDivider
                0x0000000008020de4       0x14 ./Drivers/STM32WLxx_HAL_Driver/stm32wlxx_hal_rcc.o
 .text.LL_RCC_PLL_GetMainSource
                0x0000000008020df8       0x14 ./Drivers/STM32WLxx_HAL_Driver/stm32wlxx_hal_rcc.o
 .text.HAL_RCC_GetSysClockFreq
                0x0000000008020e0c      0x154 ./Drivers/STM32WLxx_HAL_Driver/stm32wlxx_hal_rcc.o
                0x0000000008020e0c                HAL_RCC_GetSysClockFreq
 .text.HAL_RCC_GetHCLK2Freq
                0x0000000008020f60       0x30 ./Drivers/STM32WLxx_HAL_Driver/stm32wlxx_hal_rcc.o
                0x0000000008020f60                HAL_RCC_GetHCLK2Freq
 .text.LL_RCC_LSE_IsReady
                0x0000000008020f90       0x20 ./Drivers/STM32WLxx_HAL_Driver/stm32wlxx_hal_rcc_ex.o
 .text.LL_RCC_SetUSARTClockSource
                0x0000000008020fb0       0x32 ./Drivers/STM32WLxx_HAL_Driver/stm32wlxx_hal_rcc_ex.o
 *fill*         0x0000000008020fe2        0x2 
 .text.LL_RCC_SetI2SClockSource
                0x0000000008020fe4       0x30 ./Drivers/STM32WLxx_HAL_Driver/stm32wlxx_hal_rcc_ex.o
 .text.LL_RCC_SetLPUARTClockSource
                0x0000000008021014       0x30 ./Drivers/STM32WLxx_HAL_Driver/stm32wlxx_hal_rcc_ex.o
 .text.LL_RCC_SetI2CClockSource
                0x0000000008021044       0x3c ./Drivers/STM32WLxx_HAL_Driver/stm32wlxx_hal_rcc_ex.o
 .text.LL_RCC_SetLPTIMClockSource
                0x0000000008021080       0x32 ./Drivers/STM32WLxx_HAL_Driver/stm32wlxx_hal_rcc_ex.o
 .text.LL_RCC_SetRNGClockSource
                0x00000000080210b2       0x28 ./Drivers/STM32WLxx_HAL_Driver/stm32wlxx_hal_rcc_ex.o
 *fill*         0x00000000080210da        0x2 
 .text.LL_RCC_SetADCClockSource
                0x00000000080210dc       0x30 ./Drivers/STM32WLxx_HAL_Driver/stm32wlxx_hal_rcc_ex.o
 .text.LL_RCC_SetRTCClockSource
                0x000000000802110c       0x30 ./Drivers/STM32WLxx_HAL_Driver/stm32wlxx_hal_rcc_ex.o
 .text.LL_RCC_GetRTCClockSource
                0x000000000802113c       0x18 ./Drivers/STM32WLxx_HAL_Driver/stm32wlxx_hal_rcc_ex.o
 .text.LL_RCC_ForceBackupDomainReset
                0x0000000008021154       0x20 ./Drivers/STM32WLxx_HAL_Driver/stm32wlxx_hal_rcc_ex.o
 .text.LL_RCC_ReleaseBackupDomainReset
                0x0000000008021174       0x24 ./Drivers/STM32WLxx_HAL_Driver/stm32wlxx_hal_rcc_ex.o
 .text.HAL_RCCEx_PeriphCLKConfig
                0x0000000008021198      0x26c ./Drivers/STM32WLxx_HAL_Driver/stm32wlxx_hal_rcc_ex.o
                0x0000000008021198                HAL_RCCEx_PeriphCLKConfig
 .text.HAL_RTC_Init
                0x0000000008021404      0x130 ./Drivers/STM32WLxx_HAL_Driver/stm32wlxx_hal_rtc.o
                0x0000000008021404                HAL_RTC_Init
 .text.HAL_RTC_SetTime
                0x0000000008021534      0x150 ./Drivers/STM32WLxx_HAL_Driver/stm32wlxx_hal_rtc.o
                0x0000000008021534                HAL_RTC_SetTime
 .text.HAL_RTC_GetTime
                0x0000000008021684       0xc8 ./Drivers/STM32WLxx_HAL_Driver/stm32wlxx_hal_rtc.o
                0x0000000008021684                HAL_RTC_GetTime
 .text.HAL_RTC_SetDate
                0x000000000802174c      0x120 ./Drivers/STM32WLxx_HAL_Driver/stm32wlxx_hal_rtc.o
                0x000000000802174c                HAL_RTC_SetDate
 .text.HAL_RTC_GetDate
                0x000000000802186c       0x9c ./Drivers/STM32WLxx_HAL_Driver/stm32wlxx_hal_rtc.o
                0x000000000802186c                HAL_RTC_GetDate
 .text.HAL_RTC_SetAlarm_IT
                0x0000000008021908      0x228 ./Drivers/STM32WLxx_HAL_Driver/stm32wlxx_hal_rtc.o
                0x0000000008021908                HAL_RTC_SetAlarm_IT
 .text.HAL_RTC_DeactivateAlarm
                0x0000000008021b30       0xc4 ./Drivers/STM32WLxx_HAL_Driver/stm32wlxx_hal_rtc.o
                0x0000000008021b30                HAL_RTC_DeactivateAlarm
 .text.HAL_RTC_AlarmIRQHandler
                0x0000000008021bf4       0x54 ./Drivers/STM32WLxx_HAL_Driver/stm32wlxx_hal_rtc.o
                0x0000000008021bf4                HAL_RTC_AlarmIRQHandler
 .text.HAL_RTC_WaitForSynchro
                0x0000000008021c48       0x4c ./Drivers/STM32WLxx_HAL_Driver/stm32wlxx_hal_rtc.o
                0x0000000008021c48                HAL_RTC_WaitForSynchro
 .text.RTC_EnterInitMode
                0x0000000008021c94       0x80 ./Drivers/STM32WLxx_HAL_Driver/stm32wlxx_hal_rtc.o
                0x0000000008021c94                RTC_EnterInitMode
 .text.RTC_ExitInitMode
                0x0000000008021d14       0x88 ./Drivers/STM32WLxx_HAL_Driver/stm32wlxx_hal_rtc.o
                0x0000000008021d14                RTC_ExitInitMode
 .text.RTC_ByteToBcd2
                0x0000000008021d9c       0x50 ./Drivers/STM32WLxx_HAL_Driver/stm32wlxx_hal_rtc.o
                0x0000000008021d9c                RTC_ByteToBcd2
 .text.RTC_Bcd2ToByte
                0x0000000008021dec       0x3a ./Drivers/STM32WLxx_HAL_Driver/stm32wlxx_hal_rtc.o
                0x0000000008021dec                RTC_Bcd2ToByte
 .text.HAL_RTCEx_AlarmBEventCallback
                0x0000000008021e26       0x10 ./Drivers/STM32WLxx_HAL_Driver/stm32wlxx_hal_rtc_ex.o
                0x0000000008021e26                HAL_RTCEx_AlarmBEventCallback
 *fill*         0x0000000008021e36        0x2 
 .text.calendar_init
                0x0000000008021e38       0x50 ./Modules/Calendar/Src/calendar.o
                0x0000000008021e38                calendar_init
 .text.calendar_startScheduler
                0x0000000008021e88       0x3c ./Modules/Calendar/Src/calendar.o
                0x0000000008021e88                calendar_startScheduler
 .text.calendar_setDateTime
                0x0000000008021ec4       0x60 ./Modules/Calendar/Src/calendar.o
                0x0000000008021ec4                calendar_setDateTime
 .text.calendar_addEvent
                0x0000000008021f24       0x70 ./Modules/Calendar/Src/calendar.o
                0x0000000008021f24                calendar_addEvent
 .text.calendar_updateScheduler
                0x0000000008021f94       0x44 ./Modules/Calendar/Src/calendar.o
                0x0000000008021f94                calendar_updateScheduler
 .text.calendar_AlarmA_ISR
                0x0000000008021fd8       0x14 ./Modules/Calendar/Src/calendar.o
                0x0000000008021fd8                calendar_AlarmA_ISR
 .text._update  0x0000000008021fec       0xf8 ./Modules/Calendar/Src/calendar.o
                0x0000000008021fec                _update
 .text.eventSLL_reset
                0x00000000080220e4       0xaa ./Modules/Calendar/Src/event_sll.o
                0x00000000080220e4                eventSLL_reset
 .text.eventSLL_insert
                0x000000000802218e      0x260 ./Modules/Calendar/Src/event_sll.o
                0x000000000802218e                eventSLL_insert
 .text.eventSLL_getNextAlarm
                0x00000000080223ee       0xfa ./Modules/Calendar/Src/event_sll.o
                0x00000000080223ee                eventSLL_getNextAlarm
 .text._copyEvent
                0x00000000080224e8       0x82 ./Modules/Calendar/Src/event_sll.o
                0x00000000080224e8                _copyEvent
 .text._copyDateTime
                0x000000000802256a       0x42 ./Modules/Calendar/Src/event_sll.o
                0x000000000802256a                _copyDateTime
 .text._compareDateTime
                0x00000000080225ac       0x3e ./Modules/Calendar/Src/event_sll.o
                0x00000000080225ac                _compareDateTime
 *fill*         0x00000000080225ea        0x2 
 .text._dateTimeToSeconds
                0x00000000080225ec       0x8c ./Modules/Calendar/Src/event_sll.o
                0x00000000080225ec                _dateTimeToSeconds
 .text.rtcCalendarControl_init
                0x0000000008022678       0x34 ./Modules/Calendar/Src/rtc_calendar_control.o
                0x0000000008022678                rtcCalendarControl_init
 .text.rtcCalendarControl_setDateTime
                0x00000000080226ac      0x1c0 ./Modules/Calendar/Src/rtc_calendar_control.o
                0x00000000080226ac                rtcCalendarControl_setDateTime
 .text.rtcCalendarControl_getDateTime
                0x000000000802286c      0x154 ./Modules/Calendar/Src/rtc_calendar_control.o
                0x000000000802286c                rtcCalendarControl_getDateTime
 .text.rtcCalendarControl_setAlarm_A
                0x00000000080229c0      0x15c ./Modules/Calendar/Src/rtc_calendar_control.o
                0x00000000080229c0                rtcCalendarControl_setAlarm_A
 .text.rtcCalendarControl_diableAlarm_A
                0x0000000008022b1c       0x38 ./Modules/Calendar/Src/rtc_calendar_control.o
                0x0000000008022b1c                rtcCalendarControl_diableAlarm_A
 .text.LL_C2_AHB2_GRP1_EnableClock
                0x0000000008022b54       0x3a ./Modules/LED_Debug/Src/led_debug.o
 .text.LL_C2_AHB2_GRP1_IsEnabledClock
                0x0000000008022b8e       0x2a ./Modules/LED_Debug/Src/led_debug.o
 .text.LL_C2_AHB2_GRP1_DisableClock
                0x0000000008022bb8       0x2a ./Modules/LED_Debug/Src/led_debug.o
 *fill*         0x0000000008022be2        0x2 
 .text.activate_led
                0x0000000008022be4       0x74 ./Modules/LED_Debug/Src/led_debug.o
                0x0000000008022be4                activate_led
 .text.deactivate_led
                0x0000000008022c58       0x48 ./Modules/LED_Debug/Src/led_debug.o
                0x0000000008022c58                deactivate_led
 .text.__libc_init_array
                0x0000000008022ca0       0x48 /Applications/STM32CubeIDE.app/Contents/Eclipse/plugins/com.st.stm32cube.ide.mcu.externaltools.gnu-tools-for-stm32.10.3-2021.10.macos64_1.0.200.202301161003/tools/bin/../lib/gcc/arm-none-eabi/10.3.1/../../../../arm-none-eabi/lib/thumb/v6-m/nofp/libc_nano.a(lib_a-init.o)
                0x0000000008022ca0                __libc_init_array
 .text.memcpy   0x0000000008022ce8       0x12 /Applications/STM32CubeIDE.app/Contents/Eclipse/plugins/com.st.stm32cube.ide.mcu.externaltools.gnu-tools-for-stm32.10.3-2021.10.macos64_1.0.200.202301161003/tools/bin/../lib/gcc/arm-none-eabi/10.3.1/../../../../arm-none-eabi/lib/thumb/v6-m/nofp/libc_nano.a(lib_a-memcpy-stub.o)
                0x0000000008022ce8                memcpy
 .text.memset   0x0000000008022cfa       0x10 /Applications/STM32CubeIDE.app/Contents/Eclipse/plugins/com.st.stm32cube.ide.mcu.externaltools.gnu-tools-for-stm32.10.3-2021.10.macos64_1.0.200.202301161003/tools/bin/../lib/gcc/arm-none-eabi/10.3.1/../../../../arm-none-eabi/lib/thumb/v6-m/nofp/libc_nano.a(lib_a-memset.o)
                0x0000000008022cfa                memset
 *(.glue_7)
 .glue_7        0x0000000008022d0a        0x0 linker stubs
 *(.glue_7t)
 .glue_7t       0x0000000008022d0a        0x0 linker stubs
 *(.eh_frame)
 *fill*         0x0000000008022d0a        0x2 
 .eh_frame      0x0000000008022d0c        0x0 /Applications/STM32CubeIDE.app/Contents/Eclipse/plugins/com.st.stm32cube.ide.mcu.externaltools.gnu-tools-for-stm32.10.3-2021.10.macos64_1.0.200.202301161003/tools/bin/../lib/gcc/arm-none-eabi/10.3.1/thumb/v6-m/nofp/crtbegin.o
 *(.init)
 .init          0x0000000008022d0c        0x4 /Applications/STM32CubeIDE.app/Contents/Eclipse/plugins/com.st.stm32cube.ide.mcu.externaltools.gnu-tools-for-stm32.10.3-2021.10.macos64_1.0.200.202301161003/tools/bin/../lib/gcc/arm-none-eabi/10.3.1/thumb/v6-m/nofp/crti.o
                0x0000000008022d0c                _init
 .init          0x0000000008022d10        0x8 /Applications/STM32CubeIDE.app/Contents/Eclipse/plugins/com.st.stm32cube.ide.mcu.externaltools.gnu-tools-for-stm32.10.3-2021.10.macos64_1.0.200.202301161003/tools/bin/../lib/gcc/arm-none-eabi/10.3.1/thumb/v6-m/nofp/crtn.o
 *(.fini)
 .fini          0x0000000008022d18        0x4 /Applications/STM32CubeIDE.app/Contents/Eclipse/plugins/com.st.stm32cube.ide.mcu.externaltools.gnu-tools-for-stm32.10.3-2021.10.macos64_1.0.200.202301161003/tools/bin/../lib/gcc/arm-none-eabi/10.3.1/thumb/v6-m/nofp/crti.o
                0x0000000008022d18                _fini
 .fini          0x0000000008022d1c        0x8 /Applications/STM32CubeIDE.app/Contents/Eclipse/plugins/com.st.stm32cube.ide.mcu.externaltools.gnu-tools-for-stm32.10.3-2021.10.macos64_1.0.200.202301161003/tools/bin/../lib/gcc/arm-none-eabi/10.3.1/thumb/v6-m/nofp/crtn.o
                0x0000000008022d24                . = ALIGN (0x4)
                0x0000000008022d24                _etext = .

.vfp11_veneer   0x0000000008022d24        0x0
 .vfp11_veneer  0x0000000008022d24        0x0 linker stubs

.v4_bx          0x0000000008022d24        0x0
 .v4_bx         0x0000000008022d24        0x0 linker stubs

.iplt           0x0000000008022d24        0x0
 .iplt          0x0000000008022d24        0x0 /Applications/STM32CubeIDE.app/Contents/Eclipse/plugins/com.st.stm32cube.ide.mcu.externaltools.gnu-tools-for-stm32.10.3-2021.10.macos64_1.0.200.202301161003/tools/bin/../lib/gcc/arm-none-eabi/10.3.1/thumb/v6-m/nofp/crtbegin.o

.rodata         0x0000000008022d24       0xc4
                0x0000000008022d24                . = ALIGN (0x4)
 *(.rodata)
 .rodata        0x0000000008022d24       0x44 ./Core/Src/main.o
 *(.rodata*)
 .rodata.AHBPrescTable
                0x0000000008022d68       0x40 ./Common/System/system_stm32wlxx.o
                0x0000000008022d68                AHBPrescTable
 .rodata.MSIRangeTable
                0x0000000008022da8       0x40 ./Common/System/system_stm32wlxx.o
                0x0000000008022da8                MSIRangeTable
                0x0000000008022de8                . = ALIGN (0x4)

.rel.dyn        0x0000000008022de8        0x0
 .rel.iplt      0x0000000008022de8        0x0 /Applications/STM32CubeIDE.app/Contents/Eclipse/plugins/com.st.stm32cube.ide.mcu.externaltools.gnu-tools-for-stm32.10.3-2021.10.macos64_1.0.200.202301161003/tools/bin/../lib/gcc/arm-none-eabi/10.3.1/thumb/v6-m/nofp/crtbegin.o

.ARM.extab      0x0000000008022de8        0x0
                0x0000000008022de8                . = ALIGN (0x4)
 *(.ARM.extab* .gnu.linkonce.armextab.*)
                0x0000000008022de8                . = ALIGN (0x4)

.ARM            0x0000000008022de8        0x0
                0x0000000008022de8                . = ALIGN (0x4)
                0x0000000008022de8                __exidx_start = .
 *(.ARM.exidx*)
                0x0000000008022de8                __exidx_end = .
                0x0000000008022de8                . = ALIGN (0x4)

.preinit_array  0x0000000008022de8        0x0
                0x0000000008022de8                . = ALIGN (0x4)
                0x0000000008022de8                PROVIDE (__preinit_array_start = .)
 *(.preinit_array*)
                0x0000000008022de8                PROVIDE (__preinit_array_end = .)
                0x0000000008022de8                . = ALIGN (0x4)

.init_array     0x0000000008022de8        0x4
                0x0000000008022de8                . = ALIGN (0x4)
                0x0000000008022de8                PROVIDE (__init_array_start = .)
 *(SORT_BY_NAME(.init_array.*))
 *(.init_array*)
 .init_array    0x0000000008022de8        0x4 /Applications/STM32CubeIDE.app/Contents/Eclipse/plugins/com.st.stm32cube.ide.mcu.externaltools.gnu-tools-for-stm32.10.3-2021.10.macos64_1.0.200.202301161003/tools/bin/../lib/gcc/arm-none-eabi/10.3.1/thumb/v6-m/nofp/crtbegin.o
                0x0000000008022dec                PROVIDE (__init_array_end = .)
                0x0000000008022dec                . = ALIGN (0x4)

.fini_array     0x0000000008022dec        0x4
                0x0000000008022dec                . = ALIGN (0x4)
                [!provide]                        PROVIDE (__fini_array_start = .)
 *(SORT_BY_NAME(.fini_array.*))
 *(.fini_array*)
 .fini_array    0x0000000008022dec        0x4 /Applications/STM32CubeIDE.app/Contents/Eclipse/plugins/com.st.stm32cube.ide.mcu.externaltools.gnu-tools-for-stm32.10.3-2021.10.macos64_1.0.200.202301161003/tools/bin/../lib/gcc/arm-none-eabi/10.3.1/thumb/v6-m/nofp/crtbegin.o
                [!provide]                        PROVIDE (__fini_array_end = .)
                0x0000000008022df0                . = ALIGN (0x4)
                0x0000000008022df0                _sidata = LOADADDR (.data)

.data           0x0000000020008000        0xc load address 0x0000000008022df0
                0x0000000020008000                . = ALIGN (0x4)
                0x0000000020008000                _sdata = .
 *(.data)
 *(.data*)
 .data.SystemCoreClock
                0x0000000020008000        0x4 ./Common/System/system_stm32wlxx.o
                0x0000000020008000                SystemCoreClock
 .data.uwTickPrio
                0x0000000020008004        0x4 ./Drivers/STM32WLxx_HAL_Driver/stm32wlxx_hal.o
                0x0000000020008004                uwTickPrio
 .data.uwTickFreq
                0x0000000020008008        0x1 ./Drivers/STM32WLxx_HAL_Driver/stm32wlxx_hal.o
                0x0000000020008008                uwTickFreq
 *(.RamFunc)
 *(.RamFunc*)
                0x000000002000800c                . = ALIGN (0x4)
 *fill*         0x0000000020008009        0x3 
                0x000000002000800c                _edata = .

.igot.plt       0x000000002000800c        0x0 load address 0x0000000008022dfc
 .igot.plt      0x000000002000800c        0x0 /Applications/STM32CubeIDE.app/Contents/Eclipse/plugins/com.st.stm32cube.ide.mcu.externaltools.gnu-tools-for-stm32.10.3-2021.10.macos64_1.0.200.202301161003/tools/bin/../lib/gcc/arm-none-eabi/10.3.1/thumb/v6-m/nofp/crtbegin.o
                0x000000002000800c                . = ALIGN (0x4)

.bss            0x000000002000800c      0x3f4 load address 0x0000000008022dfc
                0x000000002000800c                _sbss = .
                0x000000002000800c                __bss_start__ = _sbss
 *(.bss)
 .bss           0x000000002000800c       0x1c /Applications/STM32CubeIDE.app/Contents/Eclipse/plugins/com.st.stm32cube.ide.mcu.externaltools.gnu-tools-for-stm32.10.3-2021.10.macos64_1.0.200.202301161003/tools/bin/../lib/gcc/arm-none-eabi/10.3.1/thumb/v6-m/nofp/crtbegin.o
 *(.bss*)
 .bss.hrtc      0x0000000020008028       0x38 ./Core/Src/main.o
                0x0000000020008028                hrtc
 .bss.uwTick    0x0000000020008060        0x4 ./Drivers/STM32WLxx_HAL_Driver/stm32wlxx_hal.o
                0x0000000020008060                uwTick
 .bss._isInit   0x0000000020008064        0x1 ./Modules/Calendar/Src/calendar.o
 .bss._isRunning
                0x0000000020008065        0x1 ./Modules/Calendar/Src/calendar.o
 .bss._alarmAFired
                0x0000000020008066        0x1 ./Modules/Calendar/Src/calendar.o
 *fill*         0x0000000020008067        0x1 
 .bss._eventQueue
                0x0000000020008068      0x390 ./Modules/Calendar/Src/calendar.o
 .bss._rtc_handle
                0x00000000200083f8        0x4 ./Modules/Calendar/Src/rtc_calendar_control.o
                0x00000000200083f8                _rtc_handle
 .bss.gpioB_isEnabled
                0x00000000200083fc        0x4 ./Modules/LED_Debug/Src/led_debug.o
                0x00000000200083fc                gpioB_isEnabled
 *(COMMON)
                0x0000000020008400                . = ALIGN (0x4)
                0x0000000020008400                _ebss = .
                0x0000000020008400                __bss_end__ = _ebss

._user_heap_stack
                0x0000000020008400      0x600 load address 0x0000000008022dfc
                0x0000000020008400                . = ALIGN (0x8)
                [!provide]                        PROVIDE (end = .)
                0x0000000020008400                PROVIDE (_end = .)
                0x0000000020008600                . = (. + _Min_Heap_Size)
 *fill*         0x0000000020008400      0x200 
                0x0000000020008a00                . = (. + _Min_Stack_Size)
 *fill*         0x0000000020008600      0x400 
                0x0000000020008a00                . = ALIGN (0x8)

/DISCARD/
 libc.a(*)
 libm.a(*)
 libgcc.a(*)

.ARM.attributes
                0x0000000000000000       0x28
 *(.ARM.attributes)
 .ARM.attributes
                0x0000000000000000       0x1e /Applications/STM32CubeIDE.app/Contents/Eclipse/plugins/com.st.stm32cube.ide.mcu.externaltools.gnu-tools-for-stm32.10.3-2021.10.macos64_1.0.200.202301161003/tools/bin/../lib/gcc/arm-none-eabi/10.3.1/thumb/v6-m/nofp/crti.o
 .ARM.attributes
                0x000000000000001e       0x2c /Applications/STM32CubeIDE.app/Contents/Eclipse/plugins/com.st.stm32cube.ide.mcu.externaltools.gnu-tools-for-stm32.10.3-2021.10.macos64_1.0.200.202301161003/tools/bin/../lib/gcc/arm-none-eabi/10.3.1/thumb/v6-m/nofp/crtbegin.o
 .ARM.attributes
                0x000000000000004a       0x2c ./Common/System/system_stm32wlxx.o
 .ARM.attributes
                0x0000000000000076       0x2c ./Core/Src/main.o
 .ARM.attributes
                0x00000000000000a2       0x2c ./Core/Src/stm32wlxx_hal_msp.o
 .ARM.attributes
                0x00000000000000ce       0x2c ./Core/Src/stm32wlxx_it.o
 .ARM.attributes
                0x00000000000000fa       0x22 ./Core/Startup/startup_stm32wl55jcix.o
 .ARM.attributes
                0x000000000000011c       0x2c ./Drivers/STM32WLxx_HAL_Driver/stm32wlxx_hal.o
 .ARM.attributes
                0x0000000000000148       0x2c ./Drivers/STM32WLxx_HAL_Driver/stm32wlxx_hal_cortex.o
 .ARM.attributes
                0x0000000000000174       0x2c ./Drivers/STM32WLxx_HAL_Driver/stm32wlxx_hal_gpio.o
 .ARM.attributes
                0x00000000000001a0       0x2c ./Drivers/STM32WLxx_HAL_Driver/stm32wlxx_hal_pwr.o
 .ARM.attributes
                0x00000000000001cc       0x2c ./Drivers/STM32WLxx_HAL_Driver/stm32wlxx_hal_rcc.o
 .ARM.attributes
                0x00000000000001f8       0x2c ./Drivers/STM32WLxx_HAL_Driver/stm32wlxx_hal_rcc_ex.o
 .ARM.attributes
                0x0000000000000224       0x2c ./Drivers/STM32WLxx_HAL_Driver/stm32wlxx_hal_rtc.o
 .ARM.attributes
                0x0000000000000250       0x2c ./Drivers/STM32WLxx_HAL_Driver/stm32wlxx_hal_rtc_ex.o
 .ARM.attributes
                0x000000000000027c       0x2c ./Modules/Calendar/Src/calendar.o
 .ARM.attributes
                0x00000000000002a8       0x2c ./Modules/Calendar/Src/event_sll.o
 .ARM.attributes
                0x00000000000002d4       0x2c ./Modules/Calendar/Src/rtc_calendar_control.o
 .ARM.attributes
                0x0000000000000300       0x2c ./Modules/LED_Debug/Src/led_debug.o
 .ARM.attributes
                0x000000000000032c       0x2c /Applications/STM32CubeIDE.app/Contents/Eclipse/plugins/com.st.stm32cube.ide.mcu.externaltools.gnu-tools-for-stm32.10.3-2021.10.macos64_1.0.200.202301161003/tools/bin/../lib/gcc/arm-none-eabi/10.3.1/../../../../arm-none-eabi/lib/thumb/v6-m/nofp/libc_nano.a(lib_a-init.o)
 .ARM.attributes
                0x0000000000000358       0x2c /Applications/STM32CubeIDE.app/Contents/Eclipse/plugins/com.st.stm32cube.ide.mcu.externaltools.gnu-tools-for-stm32.10.3-2021.10.macos64_1.0.200.202301161003/tools/bin/../lib/gcc/arm-none-eabi/10.3.1/../../../../arm-none-eabi/lib/thumb/v6-m/nofp/libc_nano.a(lib_a-memcpy-stub.o)
 .ARM.attributes
                0x0000000000000384       0x2c /Applications/STM32CubeIDE.app/Contents/Eclipse/plugins/com.st.stm32cube.ide.mcu.externaltools.gnu-tools-for-stm32.10.3-2021.10.macos64_1.0.200.202301161003/tools/bin/../lib/gcc/arm-none-eabi/10.3.1/../../../../arm-none-eabi/lib/thumb/v6-m/nofp/libc_nano.a(lib_a-memset.o)
 .ARM.attributes
                0x00000000000003b0       0x1e /Applications/STM32CubeIDE.app/Contents/Eclipse/plugins/com.st.stm32cube.ide.mcu.externaltools.gnu-tools-for-stm32.10.3-2021.10.macos64_1.0.200.202301161003/tools/bin/../lib/gcc/arm-none-eabi/10.3.1/thumb/v6-m/nofp/libgcc.a(_udivsi3.o)
 .ARM.attributes
                0x00000000000003ce       0x1e /Applications/STM32CubeIDE.app/Contents/Eclipse/plugins/com.st.stm32cube.ide.mcu.externaltools.gnu-tools-for-stm32.10.3-2021.10.macos64_1.0.200.202301161003/tools/bin/../lib/gcc/arm-none-eabi/10.3.1/thumb/v6-m/nofp/libgcc.a(_dvmd_tls.o)
 .ARM.attributes
                0x00000000000003ec       0x1e /Applications/STM32CubeIDE.app/Contents/Eclipse/plugins/com.st.stm32cube.ide.mcu.externaltools.gnu-tools-for-stm32.10.3-2021.10.macos64_1.0.200.202301161003/tools/bin/../lib/gcc/arm-none-eabi/10.3.1/thumb/v6-m/nofp/crtn.o
OUTPUT(Usage_Example_CM0PLUS.elf elf32-littlearm)
LOAD linker stubs
LOAD /Applications/STM32CubeIDE.app/Contents/Eclipse/plugins/com.st.stm32cube.ide.mcu.externaltools.gnu-tools-for-stm32.10.3-2021.10.macos64_1.0.200.202301161003/tools/bin/../lib/gcc/arm-none-eabi/10.3.1/../../../../arm-none-eabi/lib/thumb/v6-m/nofp/libc.a
LOAD /Applications/STM32CubeIDE.app/Contents/Eclipse/plugins/com.st.stm32cube.ide.mcu.externaltools.gnu-tools-for-stm32.10.3-2021.10.macos64_1.0.200.202301161003/tools/bin/../lib/gcc/arm-none-eabi/10.3.1/../../../../arm-none-eabi/lib/thumb/v6-m/nofp/libm.a
LOAD /Applications/STM32CubeIDE.app/Contents/Eclipse/plugins/com.st.stm32cube.ide.mcu.externaltools.gnu-tools-for-stm32.10.3-2021.10.macos64_1.0.200.202301161003/tools/bin/../lib/gcc/arm-none-eabi/10.3.1/thumb/v6-m/nofp/libgcc.a

.debug_info     0x0000000000000000     0xb0e5
 .debug_info    0x0000000000000000      0x566 ./Common/System/system_stm32wlxx.o
 .debug_info    0x0000000000000566      0x90f ./Core/Src/main.o
 .debug_info    0x0000000000000e75      0xac8 ./Core/Src/stm32wlxx_hal_msp.o
 .debug_info    0x000000000000193d      0x49a ./Core/Src/stm32wlxx_it.o
 .debug_info    0x0000000000001dd7       0x22 ./Core/Startup/startup_stm32wl55jcix.o
 .debug_info    0x0000000000001df9      0xf45 ./Drivers/STM32WLxx_HAL_Driver/stm32wlxx_hal.o
 .debug_info    0x0000000000002d3e      0x91c ./Drivers/STM32WLxx_HAL_Driver/stm32wlxx_hal_cortex.o
 .debug_info    0x000000000000365a      0x79c ./Drivers/STM32WLxx_HAL_Driver/stm32wlxx_hal_gpio.o
 .debug_info    0x0000000000003df6      0x7f2 ./Drivers/STM32WLxx_HAL_Driver/stm32wlxx_hal_pwr.o
 .debug_info    0x00000000000045e8     0x14aa ./Drivers/STM32WLxx_HAL_Driver/stm32wlxx_hal_rcc.o
 .debug_info    0x0000000000005a92     0x102c ./Drivers/STM32WLxx_HAL_Driver/stm32wlxx_hal_rcc_ex.o
 .debug_info    0x0000000000006abe     0x102f ./Drivers/STM32WLxx_HAL_Driver/stm32wlxx_hal_rtc.o
 .debug_info    0x0000000000007aed     0x1612 ./Drivers/STM32WLxx_HAL_Driver/stm32wlxx_hal_rtc_ex.o
 .debug_info    0x00000000000090ff      0x966 ./Modules/Calendar/Src/calendar.o
 .debug_info    0x0000000000009a65      0x521 ./Modules/Calendar/Src/event_sll.o
 .debug_info    0x0000000000009f86      0x914 ./Modules/Calendar/Src/rtc_calendar_control.o
 .debug_info    0x000000000000a89a      0x84b ./Modules/LED_Debug/Src/led_debug.o

.debug_abbrev   0x0000000000000000     0x235b
 .debug_abbrev  0x0000000000000000      0x138 ./Common/System/system_stm32wlxx.o
 .debug_abbrev  0x0000000000000138      0x295 ./Core/Src/main.o
 .debug_abbrev  0x00000000000003cd      0x1fc ./Core/Src/stm32wlxx_hal_msp.o
 .debug_abbrev  0x00000000000005c9      0x168 ./Core/Src/stm32wlxx_it.o
 .debug_abbrev  0x0000000000000731       0x12 ./Core/Startup/startup_stm32wl55jcix.o
 .debug_abbrev  0x0000000000000743      0x2fe ./Drivers/STM32WLxx_HAL_Driver/stm32wlxx_hal.o
 .debug_abbrev  0x0000000000000a41      0x285 ./Drivers/STM32WLxx_HAL_Driver/stm32wlxx_hal_cortex.o
 .debug_abbrev  0x0000000000000cc6      0x1d9 ./Drivers/STM32WLxx_HAL_Driver/stm32wlxx_hal_gpio.o
 .debug_abbrev  0x0000000000000e9f      0x203 ./Drivers/STM32WLxx_HAL_Driver/stm32wlxx_hal_pwr.o
 .debug_abbrev  0x00000000000010a2      0x324 ./Drivers/STM32WLxx_HAL_Driver/stm32wlxx_hal_rcc.o
 .debug_abbrev  0x00000000000013c6      0x2bd ./Drivers/STM32WLxx_HAL_Driver/stm32wlxx_hal_rcc_ex.o
 .debug_abbrev  0x0000000000001683      0x217 ./Drivers/STM32WLxx_HAL_Driver/stm32wlxx_hal_rtc.o
 .debug_abbrev  0x000000000000189a      0x237 ./Drivers/STM32WLxx_HAL_Driver/stm32wlxx_hal_rtc_ex.o
 .debug_abbrev  0x0000000000001ad1      0x2a5 ./Modules/Calendar/Src/calendar.o
 .debug_abbrev  0x0000000000001d76      0x21c ./Modules/Calendar/Src/event_sll.o
 .debug_abbrev  0x0000000000001f92      0x19b ./Modules/Calendar/Src/rtc_calendar_control.o
 .debug_abbrev  0x000000000000212d      0x22e ./Modules/LED_Debug/Src/led_debug.o

.debug_aranges  0x0000000000000000      0xd10
 .debug_aranges
                0x0000000000000000       0x28 ./Common/System/system_stm32wlxx.o
 .debug_aranges
                0x0000000000000028       0x48 ./Core/Src/main.o
 .debug_aranges
                0x0000000000000070       0x50 ./Core/Src/stm32wlxx_hal_msp.o
 .debug_aranges
                0x00000000000000c0       0x48 ./Core/Src/stm32wlxx_it.o
 .debug_aranges
                0x0000000000000108       0x28 ./Core/Startup/startup_stm32wl55jcix.o
 .debug_aranges
                0x0000000000000130      0x1c0 ./Drivers/STM32WLxx_HAL_Driver/stm32wlxx_hal.o
 .debug_aranges
                0x00000000000002f0       0xd8 ./Drivers/STM32WLxx_HAL_Driver/stm32wlxx_hal_cortex.o
 .debug_aranges
                0x00000000000003c8       0x60 ./Drivers/STM32WLxx_HAL_Driver/stm32wlxx_hal_gpio.o
 .debug_aranges
                0x0000000000000428       0xc8 ./Drivers/STM32WLxx_HAL_Driver/stm32wlxx_hal_pwr.o
 .debug_aranges
                0x00000000000004f0      0x230 ./Drivers/STM32WLxx_HAL_Driver/stm32wlxx_hal_rcc.o
 .debug_aranges
                0x0000000000000720      0x1e8 ./Drivers/STM32WLxx_HAL_Driver/stm32wlxx_hal_rcc_ex.o
 .debug_aranges
                0x0000000000000908       0xe8 ./Drivers/STM32WLxx_HAL_Driver/stm32wlxx_hal_rtc.o
 .debug_aranges
                0x00000000000009f0      0x1b0 ./Drivers/STM32WLxx_HAL_Driver/stm32wlxx_hal_rtc_ex.o
 .debug_aranges
                0x0000000000000ba0       0x78 ./Modules/Calendar/Src/calendar.o
 .debug_aranges
                0x0000000000000c18       0x60 ./Modules/Calendar/Src/event_sll.o
 .debug_aranges
                0x0000000000000c78       0x48 ./Modules/Calendar/Src/rtc_calendar_control.o
 .debug_aranges
                0x0000000000000cc0       0x50 ./Modules/LED_Debug/Src/led_debug.o

.debug_ranges   0x0000000000000000      0xc08
 .debug_ranges  0x0000000000000000       0x18 ./Common/System/system_stm32wlxx.o
 .debug_ranges  0x0000000000000018       0x38 ./Core/Src/main.o
 .debug_ranges  0x0000000000000050       0x40 ./Core/Src/stm32wlxx_hal_msp.o
 .debug_ranges  0x0000000000000090       0x38 ./Core/Src/stm32wlxx_it.o
 .debug_ranges  0x00000000000000c8       0x20 ./Core/Startup/startup_stm32wl55jcix.o
 .debug_ranges  0x00000000000000e8      0x1b0 ./Drivers/STM32WLxx_HAL_Driver/stm32wlxx_hal.o
 .debug_ranges  0x0000000000000298       0xc8 ./Drivers/STM32WLxx_HAL_Driver/stm32wlxx_hal_cortex.o
 .debug_ranges  0x0000000000000360       0x50 ./Drivers/STM32WLxx_HAL_Driver/stm32wlxx_hal_gpio.o
 .debug_ranges  0x00000000000003b0       0xb8 ./Drivers/STM32WLxx_HAL_Driver/stm32wlxx_hal_pwr.o
 .debug_ranges  0x0000000000000468      0x220 ./Drivers/STM32WLxx_HAL_Driver/stm32wlxx_hal_rcc.o
 .debug_ranges  0x0000000000000688      0x1d8 ./Drivers/STM32WLxx_HAL_Driver/stm32wlxx_hal_rcc_ex.o
 .debug_ranges  0x0000000000000860       0xd8 ./Drivers/STM32WLxx_HAL_Driver/stm32wlxx_hal_rtc.o
 .debug_ranges  0x0000000000000938      0x1a0 ./Drivers/STM32WLxx_HAL_Driver/stm32wlxx_hal_rtc_ex.o
 .debug_ranges  0x0000000000000ad8       0x68 ./Modules/Calendar/Src/calendar.o
 .debug_ranges  0x0000000000000b40       0x50 ./Modules/Calendar/Src/event_sll.o
 .debug_ranges  0x0000000000000b90       0x38 ./Modules/Calendar/Src/rtc_calendar_control.o
 .debug_ranges  0x0000000000000bc8       0x40 ./Modules/LED_Debug/Src/led_debug.o

.debug_macro    0x0000000000000000    0x1ae62
 .debug_macro   0x0000000000000000      0x202 ./Common/System/system_stm32wlxx.o
 .debug_macro   0x0000000000000202      0xa54 ./Common/System/system_stm32wlxx.o
 .debug_macro   0x0000000000000c56       0x2e ./Common/System/system_stm32wlxx.o
 .debug_macro   0x0000000000000c84       0x3a ./Common/System/system_stm32wlxx.o
 .debug_macro   0x0000000000000cbe       0x22 ./Common/System/system_stm32wlxx.o
 .debug_macro   0x0000000000000ce0       0x8e ./Common/System/system_stm32wlxx.o
 .debug_macro   0x0000000000000d6e       0x51 ./Common/System/system_stm32wlxx.o
 .debug_macro   0x0000000000000dbf      0x103 ./Common/System/system_stm32wlxx.o
 .debug_macro   0x0000000000000ec2       0x6a ./Common/System/system_stm32wlxx.o
 .debug_macro   0x0000000000000f2c      0x1df ./Common/System/system_stm32wlxx.o
 .debug_macro   0x000000000000110b       0x1c ./Common/System/system_stm32wlxx.o
 .debug_macro   0x0000000000001127       0x22 ./Common/System/system_stm32wlxx.o
 .debug_macro   0x0000000000001149       0xd1 ./Common/System/system_stm32wlxx.o
 .debug_macro   0x000000000000121a      0x4da ./Common/System/system_stm32wlxx.o
 .debug_macro   0x00000000000016f4      0x11f ./Common/System/system_stm32wlxx.o
 .debug_macro   0x0000000000001813     0xf09d ./Common/System/system_stm32wlxx.o
 .debug_macro   0x00000000000108b0       0x66 ./Common/System/system_stm32wlxx.o
 .debug_macro   0x0000000000010916      0x11e ./Common/System/system_stm32wlxx.o
 .debug_macro   0x0000000000010a34     0x341d ./Common/System/system_stm32wlxx.o
 .debug_macro   0x0000000000013e51      0x174 ./Common/System/system_stm32wlxx.o
 .debug_macro   0x0000000000013fc5       0x5c ./Common/System/system_stm32wlxx.o
 .debug_macro   0x0000000000014021      0x416 ./Common/System/system_stm32wlxx.o
 .debug_macro   0x0000000000014437      0x2b8 ./Common/System/system_stm32wlxx.o
 .debug_macro   0x00000000000146ef      0x384 ./Common/System/system_stm32wlxx.o
 .debug_macro   0x0000000000014a73      0x196 ./Common/System/system_stm32wlxx.o
 .debug_macro   0x0000000000014c09       0x4a ./Common/System/system_stm32wlxx.o
 .debug_macro   0x0000000000014c53      0x1f5 ./Common/System/system_stm32wlxx.o
 .debug_macro   0x0000000000014e48      0x229 ./Common/System/system_stm32wlxx.o
 .debug_macro   0x0000000000015071      0x3e5 ./Common/System/system_stm32wlxx.o
 .debug_macro   0x0000000000015456       0x2e ./Common/System/system_stm32wlxx.o
 .debug_macro   0x0000000000015484      0x107 ./Common/System/system_stm32wlxx.o
 .debug_macro   0x000000000001558b      0x1ba ./Common/System/system_stm32wlxx.o
 .debug_macro   0x0000000000015745       0xe6 ./Common/System/system_stm32wlxx.o
 .debug_macro   0x000000000001582b      0x283 ./Common/System/system_stm32wlxx.o
 .debug_macro   0x0000000000015aae      0x133 ./Common/System/system_stm32wlxx.o
 .debug_macro   0x0000000000015be1      0x36f ./Common/System/system_stm32wlxx.o
 .debug_macro   0x0000000000015f50      0x683 ./Common/System/system_stm32wlxx.o
 .debug_macro   0x00000000000165d3      0x20e ./Common/System/system_stm32wlxx.o
 .debug_macro   0x00000000000167e1      0xfb4 ./Common/System/system_stm32wlxx.o
 .debug_macro   0x0000000000017795      0x136 ./Common/System/system_stm32wlxx.o
 .debug_macro   0x00000000000178cb      0x2db ./Common/System/system_stm32wlxx.o
 .debug_macro   0x0000000000017ba6      0x32f ./Common/System/system_stm32wlxx.o
 .debug_macro   0x0000000000017ed5      0x679 ./Common/System/system_stm32wlxx.o
 .debug_macro   0x000000000001854e       0xeb ./Common/System/system_stm32wlxx.o
 .debug_macro   0x0000000000018639      0x3a4 ./Common/System/system_stm32wlxx.o
 .debug_macro   0x00000000000189dd      0x32d ./Common/System/system_stm32wlxx.o
 .debug_macro   0x0000000000018d0a      0x232 ./Core/Src/main.o
 .debug_macro   0x0000000000018f3c       0x22 ./Core/Src/main.o
 .debug_macro   0x0000000000018f5e       0x16 ./Core/Src/main.o
 .debug_macro   0x0000000000018f74      0x20c ./Core/Src/stm32wlxx_hal_msp.o
 .debug_macro   0x0000000000019180      0x216 ./Core/Src/stm32wlxx_it.o
 .debug_macro   0x0000000000019396      0x226 ./Drivers/STM32WLxx_HAL_Driver/stm32wlxx_hal.o
 .debug_macro   0x00000000000195bc      0x202 ./Drivers/STM32WLxx_HAL_Driver/stm32wlxx_hal_cortex.o
 .debug_macro   0x00000000000197be      0x208 ./Drivers/STM32WLxx_HAL_Driver/stm32wlxx_hal_gpio.o
 .debug_macro   0x00000000000199c6      0x25c ./Drivers/STM32WLxx_HAL_Driver/stm32wlxx_hal_pwr.o
 .debug_macro   0x0000000000019c22      0x262 ./Drivers/STM32WLxx_HAL_Driver/stm32wlxx_hal_rcc.o
 .debug_macro   0x0000000000019e84      0x214 ./Drivers/STM32WLxx_HAL_Driver/stm32wlxx_hal_rcc_ex.o
 .debug_macro   0x000000000001a098      0x203 ./Drivers/STM32WLxx_HAL_Driver/stm32wlxx_hal_rtc.o
 .debug_macro   0x000000000001a29b      0x209 ./Drivers/STM32WLxx_HAL_Driver/stm32wlxx_hal_rtc_ex.o
 .debug_macro   0x000000000001a4a4      0x3b7 ./Modules/Calendar/Src/calendar.o
 .debug_macro   0x000000000001a85b       0x52 ./Modules/Calendar/Src/calendar.o
 .debug_macro   0x000000000001a8ad       0x10 ./Modules/Calendar/Src/calendar.o
 .debug_macro   0x000000000001a8bd       0x20 ./Modules/Calendar/Src/calendar.o
 .debug_macro   0x000000000001a8dd      0x14e ./Modules/Calendar/Src/event_sll.o
 .debug_macro   0x000000000001aa2b       0x10 ./Modules/Calendar/Src/event_sll.o
 .debug_macro   0x000000000001aa3b      0x21b ./Modules/Calendar/Src/rtc_calendar_control.o
 .debug_macro   0x000000000001ac56      0x20c ./Modules/LED_Debug/Src/led_debug.o

.debug_line     0x0000000000000000     0xc7b2
 .debug_line    0x0000000000000000      0x838 ./Common/System/system_stm32wlxx.o
 .debug_line    0x0000000000000838      0x8f7 ./Core/Src/main.o
 .debug_line    0x000000000000112f      0x827 ./Core/Src/stm32wlxx_hal_msp.o
 .debug_line    0x0000000000001956      0x7e4 ./Core/Src/stm32wlxx_it.o
 .debug_line    0x000000000000213a       0x89 ./Core/Startup/startup_stm32wl55jcix.o
 .debug_line    0x00000000000021c3      0xda8 ./Drivers/STM32WLxx_HAL_Driver/stm32wlxx_hal.o
 .debug_line    0x0000000000002f6b      0xbcc ./Drivers/STM32WLxx_HAL_Driver/stm32wlxx_hal_cortex.o
 .debug_line    0x0000000000003b37      0xbad ./Drivers/STM32WLxx_HAL_Driver/stm32wlxx_hal_gpio.o
 .debug_line    0x00000000000046e4      0xa31 ./Drivers/STM32WLxx_HAL_Driver/stm32wlxx_hal_pwr.o
 .debug_line    0x0000000000005115     0x1765 ./Drivers/STM32WLxx_HAL_Driver/stm32wlxx_hal_rcc.o
 .debug_line    0x000000000000687a     0x13ab ./Drivers/STM32WLxx_HAL_Driver/stm32wlxx_hal_rcc_ex.o
 .debug_line    0x0000000000007c25      0xff4 ./Drivers/STM32WLxx_HAL_Driver/stm32wlxx_hal_rtc.o
 .debug_line    0x0000000000008c19     0x14b7 ./Drivers/STM32WLxx_HAL_Driver/stm32wlxx_hal_rtc_ex.o
 .debug_line    0x000000000000a0d0      0xbe9 ./Modules/Calendar/Src/calendar.o
 .debug_line    0x000000000000acb9      0x837 ./Modules/Calendar/Src/event_sll.o
 .debug_line    0x000000000000b4f0      0x9e4 ./Modules/Calendar/Src/rtc_calendar_control.o
 .debug_line    0x000000000000bed4      0x8de ./Modules/LED_Debug/Src/led_debug.o

.debug_str      0x0000000000000000    0xab080
 .debug_str     0x0000000000000000    0xa32b6 ./Common/System/system_stm32wlxx.o
                                      0xa3888 (size before relaxing)
 .debug_str     0x00000000000a32b6      0x606 ./Core/Src/main.o
                                      0xa3c37 (size before relaxing)
 .debug_str     0x00000000000a38bc      0x439 ./Core/Src/stm32wlxx_hal_msp.o
                                      0xa3e52 (size before relaxing)
 .debug_str     0x00000000000a3cf5       0xb0 ./Core/Src/stm32wlxx_it.o
                                      0xa387d (size before relaxing)
 .debug_str     0x00000000000a3da5       0x36 ./Core/Startup/startup_stm32wl55jcix.o
                                         0x82 (size before relaxing)
 .debug_str     0x00000000000a3ddb      0x7e8 ./Drivers/STM32WLxx_HAL_Driver/stm32wlxx_hal.o
                                      0xa4261 (size before relaxing)
 .debug_str     0x00000000000a45c3      0x29c ./Drivers/STM32WLxx_HAL_Driver/stm32wlxx_hal_cortex.o
                                      0xa3bc2 (size before relaxing)
 .debug_str     0x00000000000a485f      0x239 ./Drivers/STM32WLxx_HAL_Driver/stm32wlxx_hal_gpio.o
                                      0xa38dc (size before relaxing)
 .debug_str     0x00000000000a4a98      0x5f2 ./Drivers/STM32WLxx_HAL_Driver/stm32wlxx_hal_pwr.o
                                      0xa3cb2 (size before relaxing)
 .debug_str     0x00000000000a508a      0xc8c ./Drivers/STM32WLxx_HAL_Driver/stm32wlxx_hal_rcc.o
                                      0xa464f (size before relaxing)
 .debug_str     0x00000000000a5d16      0x5a4 ./Drivers/STM32WLxx_HAL_Driver/stm32wlxx_hal_rcc_ex.o
                                      0xa41ad (size before relaxing)
 .debug_str     0x00000000000a62ba      0x2e1 ./Drivers/STM32WLxx_HAL_Driver/stm32wlxx_hal_rtc.o
                                      0xa3d3a (size before relaxing)
 .debug_str     0x00000000000a659b      0x805 ./Drivers/STM32WLxx_HAL_Driver/stm32wlxx_hal_rtc_ex.o
                                      0xa4274 (size before relaxing)
 .debug_str     0x00000000000a6da0     0x4058 ./Modules/Calendar/Src/calendar.o
                                      0xa7a13 (size before relaxing)
 .debug_str     0x00000000000aadf8       0xed ./Modules/Calendar/Src/event_sll.o
                                       0x6f3b (size before relaxing)
 .debug_str     0x00000000000aaee5       0xa6 ./Modules/Calendar/Src/rtc_calendar_control.o
                                      0xa3bb5 (size before relaxing)
 .debug_str     0x00000000000aaf8b       0xf5 ./Modules/LED_Debug/Src/led_debug.o
                                      0xa39d7 (size before relaxing)

.comment        0x0000000000000000       0x50
 .comment       0x0000000000000000       0x50 ./Common/System/system_stm32wlxx.o
                                         0x51 (size before relaxing)
 .comment       0x0000000000000050       0x51 ./Core/Src/main.o
 .comment       0x0000000000000050       0x51 ./Core/Src/stm32wlxx_hal_msp.o
 .comment       0x0000000000000050       0x51 ./Core/Src/stm32wlxx_it.o
 .comment       0x0000000000000050       0x51 ./Drivers/STM32WLxx_HAL_Driver/stm32wlxx_hal.o
 .comment       0x0000000000000050       0x51 ./Drivers/STM32WLxx_HAL_Driver/stm32wlxx_hal_cortex.o
 .comment       0x0000000000000050       0x51 ./Drivers/STM32WLxx_HAL_Driver/stm32wlxx_hal_gpio.o
 .comment       0x0000000000000050       0x51 ./Drivers/STM32WLxx_HAL_Driver/stm32wlxx_hal_pwr.o
 .comment       0x0000000000000050       0x51 ./Drivers/STM32WLxx_HAL_Driver/stm32wlxx_hal_rcc.o
 .comment       0x0000000000000050       0x51 ./Drivers/STM32WLxx_HAL_Driver/stm32wlxx_hal_rcc_ex.o
 .comment       0x0000000000000050       0x51 ./Drivers/STM32WLxx_HAL_Driver/stm32wlxx_hal_rtc.o
 .comment       0x0000000000000050       0x51 ./Drivers/STM32WLxx_HAL_Driver/stm32wlxx_hal_rtc_ex.o
 .comment       0x0000000000000050       0x51 ./Modules/Calendar/Src/calendar.o
 .comment       0x0000000000000050       0x51 ./Modules/Calendar/Src/event_sll.o
 .comment       0x0000000000000050       0x51 ./Modules/Calendar/Src/rtc_calendar_control.o
 .comment       0x0000000000000050       0x51 ./Modules/LED_Debug/Src/led_debug.o

.debug_frame    0x0000000000000000     0x2d60
 .debug_frame   0x0000000000000000       0x4c ./Common/System/system_stm32wlxx.o
 .debug_frame   0x000000000000004c       0xc4 ./Core/Src/main.o
 .debug_frame   0x0000000000000110       0xe4 ./Core/Src/stm32wlxx_hal_msp.o
 .debug_frame   0x00000000000001f4       0xb8 ./Core/Src/stm32wlxx_it.o
 .debug_frame   0x00000000000002ac      0x658 ./Drivers/STM32WLxx_HAL_Driver/stm32wlxx_hal.o
 .debug_frame   0x0000000000000904      0x2fc ./Drivers/STM32WLxx_HAL_Driver/stm32wlxx_hal_cortex.o
 .debug_frame   0x0000000000000c00      0x130 ./Drivers/STM32WLxx_HAL_Driver/stm32wlxx_hal_gpio.o
 .debug_frame   0x0000000000000d30      0x2a4 ./Drivers/STM32WLxx_HAL_Driver/stm32wlxx_hal_pwr.o
 .debug_frame   0x0000000000000fd4      0x7cc ./Drivers/STM32WLxx_HAL_Driver/stm32wlxx_hal_rcc.o
 .debug_frame   0x00000000000017a0      0x6c8 ./Drivers/STM32WLxx_HAL_Driver/stm32wlxx_hal_rcc_ex.o
 .debug_frame   0x0000000000001e68      0x360 ./Drivers/STM32WLxx_HAL_Driver/stm32wlxx_hal_rtc.o
 .debug_frame   0x00000000000021c8      0x678 ./Drivers/STM32WLxx_HAL_Driver/stm32wlxx_hal_rtc_ex.o
 .debug_frame   0x0000000000002840      0x18c ./Modules/Calendar/Src/calendar.o
 .debug_frame   0x00000000000029cc      0x138 ./Modules/Calendar/Src/event_sll.o
 .debug_frame   0x0000000000002b04       0xd8 ./Modules/Calendar/Src/rtc_calendar_control.o
 .debug_frame   0x0000000000002bdc       0xf0 ./Modules/LED_Debug/Src/led_debug.o
 .debug_frame   0x0000000000002ccc       0x2c /Applications/STM32CubeIDE.app/Contents/Eclipse/plugins/com.st.stm32cube.ide.mcu.externaltools.gnu-tools-for-stm32.10.3-2021.10.macos64_1.0.200.202301161003/tools/bin/../lib/gcc/arm-none-eabi/10.3.1/../../../../arm-none-eabi/lib/thumb/v6-m/nofp/libc_nano.a(lib_a-init.o)
 .debug_frame   0x0000000000002cf8       0x28 /Applications/STM32CubeIDE.app/Contents/Eclipse/plugins/com.st.stm32cube.ide.mcu.externaltools.gnu-tools-for-stm32.10.3-2021.10.macos64_1.0.200.202301161003/tools/bin/../lib/gcc/arm-none-eabi/10.3.1/../../../../arm-none-eabi/lib/thumb/v6-m/nofp/libc_nano.a(lib_a-memcpy-stub.o)
 .debug_frame   0x0000000000002d20       0x20 /Applications/STM32CubeIDE.app/Contents/Eclipse/plugins/com.st.stm32cube.ide.mcu.externaltools.gnu-tools-for-stm32.10.3-2021.10.macos64_1.0.200.202301161003/tools/bin/../lib/gcc/arm-none-eabi/10.3.1/../../../../arm-none-eabi/lib/thumb/v6-m/nofp/libc_nano.a(lib_a-memset.o)
 .debug_frame   0x0000000000002d40       0x20 /Applications/STM32CubeIDE.app/Contents/Eclipse/plugins/com.st.stm32cube.ide.mcu.externaltools.gnu-tools-for-stm32.10.3-2021.10.macos64_1.0.200.202301161003/tools/bin/../lib/gcc/arm-none-eabi/10.3.1/thumb/v6-m/nofp/libgcc.a(_udivsi3.o)
