../../Drivers/STM32WLxx_HAL_Driver/Inc/stm32wlxx_ll_rcc.h:2331:22:LL_RCC_EnableRTC	8	static
../../Drivers/STM32WLxx_HAL_Driver/Inc/stm32wlxx_ll_rcc.h:2341:22:LL_RCC_DisableRTC	8	static
../../Drivers/STM32WLxx_HAL_Driver/Inc/stm32wlxx_ll_bus.h:2014:22:LL_C2_APB1_GRP1_EnableClock	24	static
../../Drivers/STM32WLxx_HAL_Driver/Inc/stm32wlxx_ll_bus.h:2108:22:LL_C2_APB1_GRP1_DisableClock	16	static
../Core/Src/stm32wlxx_hal_msp.c:63:6:HAL_MspInit	8	static
../Core/Src/stm32wlxx_hal_msp.c:82:6:HAL_RTC_MspInit	80	static
../Core/Src/stm32wlxx_hal_msp.c:120:6:HAL_RTC_MspDeInit	16	static
